2026-06-03 15:14:05,676 [INFO] blueprints.cot.routes: Verbose startup logging enabled.
2026-06-03 15:14:12,363 [INFO] blueprints.cot.routes: App starting - host: 0.0.0.0, port: 5000 (PORT=None, WEBSITES_PORT=None)
2026-06-03 15:14:13,280 [INFO] blueprints.cot.routes: Starting app initialization.
2026-06-03 15:14:13,287 [INFO] blueprints.cot.routes: Flask app initialization complete.
2026-06-03 15:14:13,316 [INFO] blueprints.cot.routes: Blueprint-aware startup: initializing COT and ProGrade blueprints.
2026-06-03 15:14:13,336 [INFO] blueprints.cot.routes: Database init starting.
2026-06-03 15:14:13,368 [INFO] blueprints.cot.routes: Database init complete.
2026-06-03 15:14:13,369 [INFO] blueprints.cot.routes: Ensuring default access profiles.
2026-06-03 15:14:13,374 [INFO] blueprints.cot.routes: Default access profiles ensured.
2026-06-03 15:14:13,374 [INFO] blueprints.cot.routes: Syncing access profile seed snapshot.
2026-06-03 15:14:13,389 [WARNING] blueprints.cot.routes: Unable to sync access profile seed snapshot at C:\Users\gabramowitz\OneDrive - Council Advisors\Documents\2. Firm Involvement\Second Project\AppDev-V2\data\seed\access_profiles.csv
2026-06-03 15:14:13,389 [INFO] blueprints.cot.routes: Access profile seed snapshot sync complete.
2026-06-03 15:14:13,402 [INFO] blueprints.cot.routes: SKU export scheduler skipped: fcntl unavailable on this platform.
 * Serving Flask app 'blueprints.cot.routes'
 * Debug mode: off
2026-06-03 15:14:14,060 [INFO] werkzeug: [31m[1mWARNING: This is a development server. Do not use it in a production deployment. Use a production WSGI server instead.[0m
 * Running on http://127.0.0.1:5060
2026-06-03 15:14:14,061 [INFO] werkzeug: [33mPress CTRL+C to quit[0m
2026-06-03 15:14:14,180 [DEBUG] blueprints.cot.routes: before_request fired: method=GET path=/healthz
2026-06-03 15:14:14,188 [INFO] blueprints.cot.routes: Health check route hit at /healthz - returning 200.
2026-06-03 15:14:14,189 [INFO] werkzeug: 127.0.0.1 - - [03/Jun/2026 15:14:14] "GET /healthz HTTP/1.1" 200 -
2026-06-03 15:14:27,823 [DEBUG] blueprints.cot.routes: before_request fired: method=GET path=/healthz
2026-06-03 15:14:27,823 [INFO] blueprints.cot.routes: Health check route hit at /healthz - returning 200.
2026-06-03 15:14:27,827 [INFO] werkzeug: 127.0.0.1 - - [03/Jun/2026 15:14:27] "GET /healthz HTTP/1.1" 200 -
